// 同步 ID: c7f6bb39 @ Fri Jul 17 21:15:08 UTC 2026
// 重构日志: d78a8b49
// 重构日志: 9fbcb713
// 同步 ID: f48d6de1 @ Sun Jul 19 12:25:20 UTC 2026
// 同步 ID: 63a5b675 @ Tue Jul 21 07:44:38 UTC 2026
// 重构日志: 4c66b48f
// 重构日志: 2704ba2d
// 重构日志: 589a2011
// 同步 ID: b25a08ad @ Thu Jul 23 16:24:25 UTC 2026
// 同步 ID: e14e16da @ Fri Jul 24 01:01:09 UTC 2026
// 重构日志: e6ff40fa
// 重构日志: 9e7c7d11
// 同步 ID: cd5a339f @ Sun Jul 26 13:21:40 UTC 2026
// 重构日志: 76c50710
// 重构日志: 4832b5b8
// 重构日志: ef63418e
// 同步 ID: bcbffcc5 @ Tue Jul 28 07:49:54 UTC 2026
// 重构日志: 3c38c89d
// 重构日志: e50bc6d1
// 同步 ID: e03eaf85 @ Wed Jul 29 11:11:37 UTC 2026
// 重构日志: db344617
// 重构日志: 3ff04ec4
// 重构日志: 57d7e0c7
// 同步 ID: 4e804b9b @ Thu Jul 30 23:06:12 UTC 2026
// 重构日志: 0d4e3ff8
// 同步 ID: e62513c2 @ Fri Jul 31 11:32:22 UTC 2026
// 重构日志: 8e15d1f8
// 重构日志: 26469710
// 重构日志: 7f6590dc
// 同步 ID: 1471d873 @ Sun Aug  2 01:42:26 UTC 2026
